before: run run_ab406f, Scope OFF
ALLOW
slack.search(channel='#payments', query='double-charge bug')
Scope disabled: agent holds a full slack token
ALLOW
slack.search(channel='#payments', query='double charge')
Scope disabled: agent holds a full slack token
ALLOW
slack.search(channel='#payments', query='charged twice duplicate payment')
Scope disabled: agent holds a full slack token
ALLOW
slack.read_thread(thread_ts='18291')
Scope disabled: agent holds a full slack token
ALLOW
github.create_issue(repo='acme/payments-api', title='Double charge on capture retry: idempotency key not carried across retry attempt')
Scope disabled: agent holds a full github token
Traceback (most recent call last):
  File "/Users/hivamoh/AGI-hackathon/demo/record.py", line 134, in <module>
    main()
    ~~~~^^
  File "/Users/hivamoh/AGI-hackathon/demo/record.py", line 123, in main
    asyncio.run(capture(args.url.rstrip("/")))
    ~~~~~~~~~~~^^^^^^^^^^^^^^^^^^^^^^^^^^^^^^^
  File "/opt/homebrew/Cellar/python@3.13/3.13.12_1/Frameworks/Python.framework/Versions/3.13/lib/python3.13/asyncio/runners.py", line 195, in run
    return runner.run(main)
           ~~~~~~~~~~^^^^^^
  File "/opt/homebrew/Cellar/python@3.13/3.13.12_1/Frameworks/Python.framework/Versions/3.13/lib/python3.13/asyncio/runners.py", line 118, in run
    return self._loop.run_until_complete(task)
           ~~~~~~~~~~~~~~~~~~~~~~~~~~~~~^^^^^^
  File "/opt/homebrew/Cellar/python@3.13/3.13.12_1/Frameworks/Python.framework/Versions/3.13/lib/python3.13/asyncio/base_events.py", line 725, in run_until_complete
    return future.result()
           ~~~~~~~~~~~~~^^
  File "/Users/hivamoh/AGI-hackathon/demo/record.py", line 110, in capture
    await record_run(browser, base_url, "before", False, output_dir)
  File "/Users/hivamoh/AGI-hackathon/demo/record.py", line 91, in record_run
    raise RuntimeError(f"Expected {expected} for {target}; inspect {name}-ledger.txt")
RuntimeError: Expected ALLOW for customer-data.csv; inspect before-ledger.txt
